{
    "00-folder/file-in-folder": {
        "score": 0
    }
}