{
    "01-empty-file-is-zero.ts": {
        "score": 0
    }
}
