{
    "04-switch.ts": {
        "score": 1
    }
}