{
    "07-recursion.ts": {
        "score": 9,
        "inner": [
            {
                "name": "f",
                "score": 1,
                "line": 1,
                "column": 1
            },
            {
                "name": "g",
                "score": 2,
                "line": 5,
                "column": 1
            },
            {
                "name": "h",
                "score": 0,
                "line": 10,
                "column": 1
            },
            {
                "name": "C",
                "score": 1,
                "line": 14,
                "column": 1,
                "inner": [
                    {
                        "name": "i",
                        "score": 1,
                        "line": 15,
                        "column": 5
                    }
                ]
            },
            {
                "name": "j",
                "score": 1,
                "line": 21,
                "column": 5
            },
            {
                "name": "l",
                "score": 1,
                "line": 26,
                "column": 11
            },
            {
                "name": "n",
                "score": 2,
                "line": 30,
                "column": 11
            },
            {
                "name": "p",
                "score": 1,
                "line": 35,
                "column": 11
            }
        ]
    }
}
