{
    "08-nested-functions.ts": {
        "score": 2,
        "inner": [
            {
                "name": "f",
                "score": 0,
                "line": 1,
                "column": 1,
                "inner": [
                    {
                        "name": "ff",
                        "score": 0,
                        "line": 2,
                        "column": 4
                    }
                ]
            },
            {
                "name": "g",
                "score": 0,
                "line": 5,
                "column": 1,
                "inner": [
                    {
                        "name": "gg",
                        "score": 0,
                        "line": 8,
                        "column": 4
                    }
                ]
            },
            {
                "name": "h",
                "score": 1,
                "line": 11,
                "column": 1,
                "inner": [
                    {
                        "name": "hh",
                        "score": 1,
                        "line": 12,
                        "column": 4
                    }
                ]
            },
            {
                "name": "i",
                "score": 2,
                "line": 19,
                "column": 1,
                "inner": [
                    {
                        "name": "ii",
                        "score": 1,
                        "line": 20,
                        "column": 4
                    }
                ]
            }
        ]
    }
}