{
    "10-namespace.ts": {
        "score": 1,
        "inner": [
            {
                "name": "N",
                "line": 1,
                "column": 1,
                "score": 0
            },
            {
                "name": "M",
                "line": 5,
                "column": 1,
                "score": 1
            }
        ]
    }
}