{
    "11-class.ts": {
        "score": 3,
        "inner": [
            {
                "name": "C",
                "score": 0,
                "line": 1,
                "column": 1
            },
            {
                "name": "D",
                "score": 1,
                "line": 5,
                "column": 1,
                "inner": {
                    "name": "f",
                    "score": 1,
                    "line": 7,
                    "column": 5
                }
            },
            {
                "name": "E",
                "score": 2,
                "line": 13,
                "column": 1,
                "inner": [
                    {
                        "name": "f",
                        "score": 1,
                        "line": 15,
                        "column": 5
                    },
                    {
                        "name": "g",
                        "score": 1,
                        "line": 20,
                        "column": 5
                    }
                ]
            }
        ]
    }
}