{
    "12-if-else.ts": {
        "score": 17,
        "inner": [
            {
                "name": "f",
                "score": 3,
                "line": 1,
                "column": 1
            },
            {
                "name": "g",
                "score": 9,
                "line": 8,
                "column": 1
            },
            {
                "name": "h",
                "score": 1,
                "line": 22,
                "column": 1
            },
            {
                "name": "i",
                "score": 2,
                "line": 28,
                "column": 1
            },
            {
                "name": "j",
                "score": 2,
                "line": 34,
                "column": 1
            }
        ]
    }
}