{
    "14-scope-block.ts": {
        "score": 1
    }
}