{
    "12-if-else.ts": {
        "score": 8,
        "inner": [
            {
                "name": "f",
                "score": 1,
                "line": 1,
                "column": 1
            },
            {
                "name": "g",
                "score": 5,
                "line": 5,
                "column": 1
            },
            {
                "name": "h",
                "score": 11,
                "line": 11,
                "column": 1
            }
        ]
    }
}