{
    "18-types.ts": {
        "score": 10,
        "inner": [
            {
                "name": "A",
                "score": 0,
                "line": 1,
                "column": 1
            },
            {
                "name": "B",
                "score": 1,
                "line": 3,
                "column": 1
            },
            {
                "name": "C",
                "score": 2,
                "line": 5,
                "column": 1
            },
            {
                "name": "D",
                "score": 3,
                "line": 7,
                "column": 1
            },
            {
                "name": "E",
                "score": 1,
                "line": 9,
                "column": 1
            },
            {
                "name": "F",
                "score": 4,
                "line": 12,
                "column": 1
            },
            {
                "name": "G",
                "score": 1,
                "line": 20,
                "column": 1
            },
            {
                "name": "H",
                "score": 2,
                "line": 25,
                "column": 1
            },
            {
                "name": "I",
                "score": 2,
                "line": 30,
                "column": 1
            }
        ]
    }
}