{
    "18-type-operators.ts": {
        "score": 13,
        "inner": [
            {
                "name": "A",
                "score": 0,
                "line": 1,
                "column": 1
            },
            {
                "name": "B",
                "score": 1,
                "line": 3,
                "column": 1
            },
            {
                "name": "C",
                "score": 2,
                "line": 5,
                "column": 1
            },
            {
                "name": "D",
                "score": 3,
                "line": 7,
                "column": 1
            },
            {
                "name": "E",
                "score": 3,
                "line": 9,
                "column": 1
            },
            {
                "name": "F",
                "score": 2,
                "line": 11,
                "column": 1
            },
            {
                "name": "G",
                "score": 2,
                "line": 13,
                "column": 1
            }
        ]
    }
}