{
    "20-mapped-type.ts": {
        "score": 6,
        "inner": [
            {
                "name": "G",
                "score": 1,
                "line": 1,
                "column": 1
            },
            {
                "name": "H",
                "score": 2,
                "line": 6,
                "column": 1
            },
            {
                "name": "I",
                "score": 3,
                "line": 11,
                "column": 1
            }
        ]
    }
}