{
    "23-recursive-type.ts": {
        "score": 3,
        "inner": [
            {
                "name": "A",
                "score": 1,
                "line": 1,
                "column": 1
            },
            {
                "name": "B",
                "score": 0,
                "line": 5,
                "column": 1
            },
            {
                "name": "C",
                "score": 1,
                "line": 9,
                "column": 1
            },
            {
                "name": "D",
                "score": 0,
                "line": 13,
                "column": 1
            },
            {
                "name": "E",
                "score": 1,
                "line": 17,
                "column": 1
            }
        ]
    }
}