{
    "24-maths-operators.ts": {
        "score": 0,
        "inner": [
            {
                "name": "plus",
                "score": 0,
                "line": 1,
                "column": 1
            },
            {
                "name": "minus",
                "score": 0,
                "line": 5,
                "column": 1
            },
            {
                "name": "size",
                "score": 0,
                "line": 9,
                "column": 1
            },
            {
                "name": "equals",
                "score": 0,
                "line": 13,
                "column": 1
            }
        ]
    }
}
