{
    "25-javascript.js": {
        "score": 0,
        "inner": [
            {
                "name": "f",
                "score": 0,
                "line": 1,
                "column": 1
            }
        ]
    }
}