{
    "28-generic-type-introduction.ts": {
        "score": 5,
        "inner": [
            {
                "name": "declaration",
                "score": 1,
                "line": 1,
                "column": 1,
                "inner": [
                    {
                        "name": "T",
                        "score": 1,
                        "line": 1,
                        "column": 1
                    }

                ]
            },
            {
                "name": "expression",
                "score": 1,
                "line": 3,
                "column": 20,
                "inner": [
                    {
                        "name": "T",
                        "score": 1,
                        "line": 3,
                        "column": 20
                    }
                ]
            },
            {
                "name": "arrow",
                "score": 1,
                "line": 5,
                "column": 15,
                "inner": [
                    {
                        "name": "T",
                        "score": 1,
                        "line": 5,
                        "column": 12
                    }
                ]
            },
            {
                "name": "ClassMethod",
                "score": 1,
                "line": 7,
                "column": 1,
                "inner": [
                    {
                        "name": "method",
                        "score": 1,
                        "line": 8,
                        "column": 5,
                        "inner": [
                            {
                                "name": "T",
                                "score": 1,
                                "line": 8,
                                "column": 12
                            }
                        ]
                    }
                ]
            },
            {
                "name": "objectMethod",
                "score": 1,
                "line": 11,
                "column": 22,
                "inner": [
                    {
                        "name": "T",
                        "score": 1,
                        "line": 11,
                        "column": 23
                    }
                ]
            }
        ]
    }
}