{
    "29-declaration-type-introduction.ts": {
        "score": 4,
        "inner": [
            {
                "name": "declaration",
                "score": 1,
                "line": 1,
                "column": 1
            },
            {
                "name": "declaration",
                "score": 0,
                "line": 2,
                "column": 1
            },
            {
                "name": "ClassWithDeclarations",
                "score": 2,
                "line": 6,
                "column": 1,
                "inner": [
                    {
                        "name": "abs",
                        "score": 1,
                        "line": 7,
                        "column": 5
                    },
                    {
                        "name": "abs",
                        "score": 0,
                        "line": 8,
                        "column": 5
                    },
                    {
                        "name": "method",
                        "score": 1,
                        "line": 10,
                        "column": 5
                    },
                    {
                        "name": "method",
                        "score": 0,
                        "line": 11,
                        "column": 5
                    }
                ]
            },
            {
                "name": "GenericClass",
                "score": 1,
                "line": 16,
                "column": 1
            }
        ]
    }
}