{
    "30-recursion-and-parentheses.ts": {
        "score": 7,
        "inner": [
            {
                "name": "parens",
                "score": 1,
                "line": 1,
                "column": 1
            },
            {
                "name": "C",
                "score": 2,
                "line": 5,
                "column": 1,
                "inner": [
                    {
                        "name": "bracketedThis",
                        "score": 1,
                        "line": 6,
                        "column": 5
                    },
                    {
                        "name": "bracketedCallExpression",
                        "score": 1,
                        "line": 10,
                        "column": 5
                    }
                ]
            },
            {
                "name": "l",
                "score": 0,
                "line": 15,
                "column": 11
            },
            {
                "name": "NoParentheses",
                "score": 1,
                "line": 19,
                "column": 1,
                "inner": [
                    {
                        "name": "constructor",
                        "score": 1,
                        "line": 20,
                        "column": 5
                    }
                ]
            },
            {
                "name": "Parentheses",
                "score": 1,
                "line": 25,
                "column": 1,
                "inner": [
                    {
                        "name": "constructor",
                        "score": 1,
                        "line": 26,
                        "column": 5
                    }
                ]
            },
            {
                "name": "BracketedThis",
                "score": 1,
                "line": 31,
                "column": 1,
                "inner": [
                    {
                        "name": "constructor",
                        "score": 1,
                        "line": 32,
                        "column": 5
                    }
                ]
            },
            {
                "name": "BracketedConstructor",
                "score": 1,
                "line": 37,
                "column": 1,
                "inner": [
                    {
                        "name": "constructor",
                        "score": 1,
                        "line": 38,
                        "column": 5
                    }
                ]
            },
            {
                "name": "func",
                "score": 1,
                "line": 43,
                "column": 13
            }
        ]
    }
}
