{
    "00-folder/00-file-in-folder.ts": {
        "score": 0
    }
}